#!/bin/sh
# AUTO-GENERATED FILE, DO NOT EDIT!
if [ -f $1.org ]; then
  sed -e 's!^//server/subdir!/home/mnt\.2\$!ig;s! //server/subdir! /home/mnt\.2\$!ig;s!^C:/cygwin/lib!/usr/lib!ig;s! C:/cygwin/lib! /usr/lib!ig;s!^C:/cygwin/bin!/usr/bin!ig;s! C:/cygwin/bin! /usr/bin!ig;s!^C:/cygwin/!/!ig;s! C:/cygwin/! /!ig;s!^D:!/cygdrive/d!ig;s! D:! /cygdrive/d!ig;s!^C:!/cygdrive/c!ig;s! C:! /cygdrive/c!ig;' $1.org > $1 && rm -f $1.org
fi
